migration                                  objects     ledger
001_phase1.sql                             all present recorded
002_phase2.sql                             all present recorded
003_phase3a_accounts.sql                   all present recorded
004_phase3a_clients_fk.sql                 n/a        recorded
007_fix_handle_new_user_with_account.sql   n/a        recorded
008_scans_account_id.sql                   all present recorded
009_clients_domain.sql                     n/a        recorded
010_phase3b.sql                            all present recorded
011_phase3b_hardening.sql                  all present recorded
012_aiso_v3.sql                            all present recorded
013_agent_dashboard.sql                    all present recorded
014_subscription_tiers.sql                 MISSING 1   recorded
                                             ↳ plan_features
015_scan_lead_email.sql                    n/a        recorded
016_trial_columns.sql                      n/a        recorded
017_fix_handle_new_user_plan.sql           n/a        recorded
018_clients_region.sql                     n/a        recorded
019_clients_description.sql                n/a        recorded
020_scans_public_select.sql                n/a        recorded
021_local_trust_roi.sql                    all present recorded
022_profiles_neon_auth_fk.sql              n/a        recorded
023_public_scan_rate_limits.sql            all present recorded
024_stripe_lifecycle_integrity.sql         all present recorded
025_authenticated_scan_quotas.sql          all present recorded
026_effective_brand_limit.sql              n/a        recorded
027_client_report_snapshots.sql            all present recorded
028_account_plan_overrides.sql             n/a        recorded
029_scans_client_id.sql                    all present recorded
030_accounts_plan_default_basic.sql        n/a        recorded
031_pulse_weekly_summary_unique.sql        all present recorded
032_pulse_metrics_indexes.sql              all present recorded
033_alert_evaluation_hardening.sql         all present recorded
034_alert_evaluation_snapshot_refinement.sql all present recorded
035_alert_email_delivery_ledger.sql        all present recorded
036_drop_dead_rls_policies.sql             n/a        recorded
037_least_privilege_app_role.sql           n/a        recorded
038_app_role_function_execute.sql          n/a        recorded
039_cron_runs.sql                          MISSING 2   -
                                             ↳ cron_runs, cron_runs_route_started_idx
040_client_entities.sql                    MISSING 1   -
                                             ↳ client_entities
041_evidence_work_items.sql                MISSING 2   -
                                             ↳ evidence_work_items, evidence_work_items_account_client_created_idx
042_change_set_approvals.sql               MISSING 5   -
                                             ↳ work_item_versions, account_approver_events, account_approver_state, work_item_decisions, evidence_work_items_version_owner_idx
043_delivery_attestations.sql              MISSING 3   -
                                             ↳ work_item_delivery_events, work_item_decisions_delivery_approval_idx, work_item_delivery_events_history_idx
044_approved_sources.sql                   MISSING 4   -
                                             ↳ client_sources, client_source_versions, client_source_versions_source_idx, client_sources_client_idx
045_export_events.sql                      MISSING 2   -
                                             ↳ work_item_export_events, work_item_export_events_history_idx
046_source_actor_attribution.sql           n/a        -
047_account_invitations.sql                MISSING 4   -
                                             ↳ account_invitations, account_invitations_live_email_uniq, account_invitations_live_lookup_idx, account_invitations_account_idx
048_platform_admin_grants.sql              MISSING 2   -
                                             ↳ platform_admin_grants, platform_admin_grants_profile_idx
049_profile_deactivation.sql               MISSING 1   -
                                             ↳ profiles_account_active_idx
050_registered_page_assets.sql             MISSING 5   -
                                             ↳ client_assets, client_asset_questions, client_assets_client_idx, client_assets_origin_idx, client_asset_questions_asset_idx
051_work_item_sources.sql                  MISSING 4   -
                                             ↳ work_item_sources, work_item_sources_live_opportunity_idx, work_item_sources_live_item_source_idx, work_item_sources_item_idx
052_scan_claim_attempts.sql                MISSING 2   -
                                             ↳ scan_claim_attempts, scan_claim_attempts_consumed_at_idx
053_client_domain_verification.sql         MISSING 1   -
                                             ↳ client_domain_verifications
054_search_console.sql                     MISSING 8   -
                                             ↳ google_connections, search_console_bindings, search_console_daily, search_console_page_queries, search_console_sync_runs, search_console_bindings_connection_idx, search_console_sync_runs_latest_idx, search_console_sync_runs_last_good_idx
055_source_version_approval.sql            n/a        -
056_onboarding_progress.sql                MISSING 3   -
                                             ↳ onboarding_progress, onboarding_progress_client, prompt_bank_onboarding_seed
057_pulse_run_ledger.sql                   MISSING 6   -
                                             ↳ pulse_runs, pulse_run_items, pulse_item_attempts, pulse_items_due, pulse_runs_scope, pulse_metrics_run_item
058_pulse_classification_repair.sql        MISSING 2   -
                                             ↳ pulse_classification_attempts, pulse_classification_due
059_prompt_context.sql                     n/a        -
(node:16364) [MODULE_TYPELESS_PACKAGE_JSON] Warning: Module type of file:///C:/Users/laich/Documents/Aiso/.worktrees/aiso-remediation-20261007/scripts/migrate.ts is not specified and it doesn't parse as CommonJS.
Reparsing as ES module because module syntax was detected. This incurs a performance overhead.
To eliminate this warning, add "type": "module" to \\?\C:\Users\laich\Documents\Aiso\.worktrees\aiso-remediation-20261007\package.json.
(Use `node --trace-warnings ...` to show where the warning was created)
